Microchip MPLAB XC8 Compiler V1.45 ()

Linker command line:

-W-3 --edf=C:\Program Files (x86)\Microchip\xc8\v1.45\dat\en_msgs.txt -cs \
  -h+dist/default/production\projeto-final.X.production.sym \
  --cmf=dist/default/production\projeto-final.X.production.cmf -z -Q18F4550 \
  -oC:\Users\vitor\AppData\Local\Temp\sc7c.2 \
  -Mdist/default/production/projeto-final.X.production.map -E1 -ver=XC8 \
  -ASTACK=0118h-07ffh -pstack=STACK -ACODE=00h-07FFFh -ACONST=00h-07FFFh \
  -ASMALLCONST=0800h-08FFhx120 -AMEDIUMCONST=0800h-07FFFh -ACOMRAM=01h-05Fh \
  -AABS1=00h-07FFh -ABIGRAM=01h-07FFh -ARAM=060h-0FFh,0100h-01FFhx7 \
  -ABANK0=060h-0FFh -ABANK1=0100h-01FFh -ABANK2=0200h-02FFh \
  -ABANK3=0300h-03FFh -ABANK4=0400h-04FFh -ABANK5=0500h-05FFh \
  -ABANK6=0600h-06FFh -ABANK7=0700h-07FFh -ASFR=0F60h-0FFFh \
  -preset_vec=00h,intcode=08h,intcodelo=018h,powerup,init -pramtop=0800h \
  -psmallconst=SMALLCONST -pmediumconst=MEDIUMCONST -pconst=CONST \
  -AFARRAM=00h-00h -ACONFIG=0300000h-030000Dh -pconfig=CONFIG \
  -AIDLOC=0200000h-0200007h -pidloc=IDLOC -AEEDATA=0F00000h-0F000FFh \
  -peeprom_data=EEDATA \
  -prdata=COMRAM,nvrram=COMRAM,nvbit=COMRAM,rbss=COMRAM,rbit=COMRAM \
  -pfarbss=FARRAM,fardata=FARRAM,nvFARRAM=FARRAM \
  -pintsave_regs=BIGRAM,bigbss=BIGRAM,bigdata=BIGRAM -pbss=RAM \
  -pidata=CODE,irdata=CODE,ibigdata=CODE,ifardata=CODE -prparam=COMRAM \
  C:\Users\vitor\AppData\Local\Temp\sc7c.obj \
  dist/default/production\projeto-final.X.production.obj 

Object code version is 3.11

Machine type is 18F4550

Call graph: (short form)




                Name                               Link     Load   Length Selector   Space Scale
C:\Users\vitor\AppData\Local\Temp\sc7c.obj
                init                                1F8      1F8        4        C       0
                reset_vec                             0        0        4        0       0
                idloc                            200000   200000        8   200000       0
                config                           300000   300000        E   300000       0
dist/default/production\projeto-final.X.production.obj
                intcodelo                            18       18      1E0        C       0
                intcode                               8        8        6        4       0
                temp                                 4A       4A        1        1       1
                smallconst                          800      800       12      400       0
                intcode_body                       1212     1212       C0      409       0
                text24                             1382     1382       AE      409       0
                text23                             111E     111E       F4      409       0
                text22                              F30      F30       F8      409       0
                text21                             171E     171E       5C      409       0
                text19                             1952     1952        A      409       0
                text18                             1892     1892       3A      409       0
                text17                             193E     193E       14      409       0
                text16                             192A     192A       14      409       0
                text15                             17C4     17C4       46      409       0
                text14                             184E     184E       44      409       0
                text13                             1430     1430       AC      409       0
                text12                             14DC     14DC       86      409       0
                text11                             15E6     15E6       72      409       0
                text10                             12D2     12D2       B0      409       0
                text9                               C8A      C8A      1AE      409       0
                text8                              1028     1028       F6      409       0
                text7                               E38      E38       F8      409       0
                text6                              1562     1562       84      409       0
                text5                              1658     1658       68      409       0
                text4                              16C0     16C0       5E      409       0
                text3                              1902     1902       28      409       0
                text2                              180A     180A       44      409       0
                text1                              18CC     18CC       36      409       0
                text0                               812      812      478      409       0
                cstackCOMRAM                          1        1       3B        1       1
                cstackBANK0                          60       60       5C       60       1
                cstackBANK1                         100      100       18      100       1
                bssBANK0                             BC       BC       16       60       1
                dataCOMRAM                           3C       3C        8        1       1
                bssCOMRAM                            44       44        6        1       1
                cinit                              177A     177A       4A      409       0
                idataCOMRAM                        195C     195C        8      409       0

TOTAL           Name                               Link     Load   Length     Space
        CLASS   STACK          

        CLASS   CODE           
                intcodelo                            18       18      1E0         0
                intcode                               8        8        6         0
                init                                1F8      1F8        4         0
                reset_vec                             0        0        4         0
                intcode_body                       1212     1212       C0         0
                text24                             1382     1382       AE         0
                text23                             111E     111E       F4         0
                text22                              F30      F30       F8         0
                text21                             171E     171E       5C         0
                text19                             1952     1952        A         0
                text18                             1892     1892       3A         0
                text17                             193E     193E       14         0
                text16                             192A     192A       14         0
                text15                             17C4     17C4       46         0
                text14                             184E     184E       44         0
                text13                             1430     1430       AC         0
                text12                             14DC     14DC       86         0
                text11                             15E6     15E6       72         0
                text10                             12D2     12D2       B0         0
                text9                               C8A      C8A      1AE         0
                text8                              1028     1028       F6         0
                text7                               E38      E38       F8         0
                text6                              1562     1562       84         0
                text5                              1658     1658       68         0
                text4                              16C0     16C0       5E         0
                text3                              1902     1902       28         0
                text2                              180A     180A       44         0
                text1                              18CC     18CC       36         0
                text0                               812      812      478         0
                cinit                              177A     177A       4A         0
                idataCOMRAM                        195C     195C        8         0

        CLASS   CONST          

        CLASS   SMALLCONST     
                smallconst                          800      800       12         0

        CLASS   MEDIUMCONST    

        CLASS   COMRAM         
                temp                                 4A       4A        1         1
                cstackCOMRAM                          1        1       3B         1
                dataCOMRAM                           3C       3C        8         1
                bssCOMRAM                            44       44        6         1

        CLASS   ABS1           

        CLASS   BIGRAM         

        CLASS   RAM            

        CLASS   BANK0          
                cstackBANK0                          60       60       5C         1
                bssBANK0                             BC       BC       16         1

        CLASS   BANK1          
                cstackBANK1                         100      100       18         1

        CLASS   BANK2          

        CLASS   BANK3          

        CLASS   BANK4          

        CLASS   BANK5          

        CLASS   BANK6          

        CLASS   BANK7          

        CLASS   SFR            

        CLASS   FARRAM         

        CLASS   CONFIG         
                config                           300000   300000        E         0

        CLASS   IDLOC          
                idloc                            200000   200000        8         0

        CLASS   EEDATA         



SEGMENTS        Name                           Load    Length   Top    Selector   Space  Class

                reset_vec                      000000  000004  000004         0       0  CODE    
                cstackCOMRAM                   000001  00004A  00004B         1       1  COMRAM  
                intcode                        000008  000006  00000E         4       0  CODE    
                intcodelo                      000018  0001E4  0001FC         C       0  CODE    
                cstackBANK0                    000060  000072  0000D2        60       1  BANK0   
                cstackBANK1                    000100  000018  000118       100       1  BANK1   
                smallconst                     000800  000012  000812       400       0  SMALLCON
                text0                          000812  001152  001964       409       0  CODE    
                idloc                          200000  000008  200008    200000       0  IDLOC   
                config                         300000  00000E  30000E    300000       0  CONFIG  


UNUSED ADDRESS RANGES

        Name                Unused          Largest block    Delta
        BANK0            0000D2-0000FF               2E
        BANK1            000118-0001FF               E8
        BANK2            000200-0002FF              100
        BANK3            000300-0003FF              100
        BANK4            000400-0004FF              100
        BANK5            000500-0005FF              100
        BANK6            000600-0006FF              100
        BANK7            000700-0007FF              100
        BIGRAM           00004B-00005F               15
                         0000D2-0000FF               2E
                         000118-0007FF              6E8
        CODE             000004-000007                4
                         00000E-000017                A
                         0001FC-0007FF              604
                         001964-007FFF             669C
        COMRAM           00004B-00005F               15
        CONST            000004-000007                4
                         00000E-000017                A
                         0001FC-0007FF              604
                         001964-007FFF             669C
        EEDATA           F00000-F000FF              100
        MEDIUMCONST      001964-007FFF             669C
        RAM              0000D2-0000FF               2E
                         000118-0007FF              100
        SFR              000F60-000FFF               A0
        SMALLCONST       001964-007FFF              100
        STACK            000118-0007FF              6E8

                                  Symbol Table

?___awdiv                 cstackBANK0  00007D
?___awmod                 cstackBANK0  00007D
?___ftadd                 cstackBANK0  00009D
?___ftmul                 cstackBANK0  00008E
?___ftpack                cstackBANK0  00007D
?___fttol                 cstackBANK0  0000A9
?___lldiv                 cstackBANK0  00007D
?___llmod                 cstackBANK0  00007D
?___lltoft                cstackBANK0  000085
?___wmul                  cstackBANK0  00007D
?i1___ftmul               cstackCOMRAM 000024
?i1___ftpack              cstackCOMRAM 000013
?i1___fttol               cstackCOMRAM 000033
?i1___lltoft              cstackCOMRAM 00001B
OpenXLCD@lcdtype          cstackBANK0  00007E
SetDDRamAddr@DDaddr       cstackBANK0  00007D
WriteCmdXLCD@cmd          cstackBANK0  00007D
WriteDataXLCD@data        cstackBANK0  00007D
_ADCON0bits               (abs)        000FC2
_ADCON1                   (abs)        000FC1
_ADCON2                   (abs)        000FC0
_ADRESH                   (abs)        000FC4
_ADRESL                   (abs)        000FC3
_BusyXLCD                 text18       001892
_CCP1CONbits              (abs)        000FBD
_CCP2CONbits              (abs)        000FBA
_CCPR1L                   (abs)        000FBE
_CCPR2L                   (abs)        000FBB
_DelayFor18TCY            text19       001952
_DelayPORXLCD             text17       00193E
_DelayXLCD                text16       00192A
_HighPriorityISR          intcode      000008
_INTCON2bits              (abs)        000FF1
_INTCON3bits              (abs)        000FF0
_INTCONbits               (abs)        000FF2
_IPR1bits                 (abs)        000F9F
_LATEbits                 (abs)        000F8D
_LowPriorityISR           intcodelo    000018
_OpenXLCD                 text13       001430
_PIE1bits                 (abs)        000F9D
_PIR1bits                 (abs)        000F9E
_PORTD                    (abs)        000F83
_PR2                      (abs)        000FCB
_RCONbits                 (abs)        000FD0
_SetDDRamAddr             text15       0017C4
_T0CON                    (abs)        000FD5
_T2CONbits                (abs)        000FCA
_TMR0L                    (abs)        000FD6
_TRISA                    (abs)        000F92
_TRISAbits                (abs)        000F92
_TRISB                    (abs)        000F93
_TRISC                    (abs)        000F94
_TRISD                    (abs)        000F95
_TRISEbits                (abs)        000F96
_WriteCmdXLCD             text14       00184E
_WriteDataXLCD            text2        00180A
__CFG_CCP2MX$ON           (abs)        000000
__CFG_CPUDIV$OSC1_PLL2    (abs)        000000
__CFG_DEBUG$ON            (abs)        000000
__CFG_FOSC$HS             (abs)        000000
__CFG_LVP$OFF             (abs)        000000
__CFG_MCLRE$ON            (abs)        000000
__CFG_WDT$OFF             (abs)        000000
__HRAM                    (abs)        000000
__Habs1                   abs1         000000
__Hbank0                  bank0        000000
__Hbank1                  bank1        000000
__Hbank2                  bank2        000000
__Hbank3                  bank3        000000
__Hbank4                  bank4        000000
__Hbank5                  bank5        000000
__Hbank6                  bank6        000000
__Hbank7                  bank7        000000
__Hbigbss                 bigbss       000000
__Hbigdata                bigdata      000000
__Hbigram                 bigram       000000
__Hbss                    bss          000000
__HbssBANK0               bssBANK0     000000
__HbssCOMRAM              bssCOMRAM    000000
__Hcinit                  cinit        000000
__Hclrtext                clrtext      000000
__Hcomram                 comram       000000
__Hconfig                 config       30000E
__Hconst                  const        000000
__HcstackBANK0            cstackBANK0  000000
__HcstackBANK1            cstackBANK1  000000
__HcstackCOMRAM           cstackCOMRAM 000000
__Hdata                   data         000000
__HdataCOMRAM             dataCOMRAM   000000
__Heeprom_data            eeprom_data  000000
__Hfarbss                 farbss       000000
__Hfardata                fardata      000000
__Hibigdata               ibigdata     000000
__Hidata                  idata        000000
__HidataCOMRAM            idataCOMRAM  000000
__Hidloc                  idloc        200008
__Hifardata               ifardata     000000
__Hinit                   init         0001FC
__Hintcode                intcode      00000E
__Hintcode_body           intcode_body 000000
__Hintcodelo              intcodelo    0001F8
__Hintentry               intentry     000000
__Hintret                 intret       000000
__Hintsave_regs           intsave_regs 000000
__Hirdata                 irdata       000000
__Hmediumconst            mediumconst  000000
__HnvFARRAM               nvFARRAM     000000
__Hnvbit                  nvbit        000000
__Hnvrram                 nvrram       000000
__Hparam                  rparam       000000
__Hpowerup                powerup      0001F8
__Hram                    ram          000000
__Hramtop                 ramtop       000800
__Hrbit                   rbit         000000
__Hrbss                   rbss         000000
__Hrdata                  rdata        000000
__Hreset_vec              reset_vec    000004
__Hrparam                 rparam       000000
__Hsfr                    sfr          000000
__Hsmallconst             smallconst   000812
__Hspace_0                (abs)        30000E
__Hspace_1                (abs)        000118
__Hspace_2                (abs)        000000
__Hstack                  stack        000000
__Hstruct                 struct       000000
__Htemp                   temp         00004B
__Htext                   text         000000
__Htext0                  text0        000000
__Htext1                  text1        000000
__Htext10                 text10       000000
__Htext11                 text11       000000
__Htext12                 text12       000000
__Htext13                 text13       000000
__Htext14                 text14       000000
__Htext15                 text15       000000
__Htext16                 text16       000000
__Htext17                 text17       000000
__Htext18                 text18       000000
__Htext19                 text19       000000
__Htext2                  text2        000000
__Htext21                 text21       000000
__Htext22                 text22       000000
__Htext23                 text23       000000
__Htext24                 text24       000000
__Htext3                  text3        000000
__Htext4                  text4        000000
__Htext5                  text5        000000
__Htext6                  text6        000000
__Htext7                  text7        000000
__Htext8                  text8        000000
__Htext9                  text9        000000
__LRAM                    (abs)        000001
__Labs1                   abs1         000000
__Lbank0                  bank0        000000
__Lbank1                  bank1        000000
__Lbank2                  bank2        000000
__Lbank3                  bank3        000000
__Lbank4                  bank4        000000
__Lbank5                  bank5        000000
__Lbank6                  bank6        000000
__Lbank7                  bank7        000000
__Lbigbss                 bigbss       000000
__Lbigdata                bigdata      000000
__Lbigram                 bigram       000000
__Lbss                    bss          000000
__LbssBANK0               bssBANK0     000000
__LbssCOMRAM              bssCOMRAM    000000
__Lcinit                  cinit        000000
__Lclrtext                clrtext      000000
__Lcomram                 comram       000000
__Lconfig                 config       300000
__Lconst                  const        000000
__LcstackBANK0            cstackBANK0  000000
__LcstackBANK1            cstackBANK1  000000
__LcstackCOMRAM           cstackCOMRAM 000000
__Ldata                   data         000000
__LdataCOMRAM             dataCOMRAM   000000
__Leeprom_data            eeprom_data  000000
__Lfarbss                 farbss       000000
__Lfardata                fardata      000000
__Libigdata               ibigdata     000000
__Lidata                  idata        000000
__LidataCOMRAM            idataCOMRAM  000000
__Lidloc                  idloc        200000
__Lifardata               ifardata     000000
__Linit                   init         0001F8
__Lintcode                intcode      000008
__Lintcode_body           intcode_body 000000
__Lintcodelo              intcodelo    000018
__Lintentry               intentry     000000
__Lintret                 intret       000000
__Lintsave_regs           intsave_regs 000000
__Lirdata                 irdata       000000
__Lmediumconst            mediumconst  000000
__LnvFARRAM               nvFARRAM     000000
__Lnvbit                  nvbit        000000
__Lnvrram                 nvrram       000000
__Lparam                  rparam       000000
__Lpowerup                powerup      0001F8
__Lram                    ram          000000
__Lramtop                 ramtop       000800
__Lrbit                   rbit         000000
__Lrbss                   rbss         000000
__Lrdata                  rdata        000000
__Lreset_vec              reset_vec    000000
__Lrparam                 rparam       000000
__Lsfr                    sfr          000000
__Lsmallconst             smallconst   000800
__Lspace_0                (abs)        000000
__Lspace_1                (abs)        000000
__Lspace_2                (abs)        000000
__Lstack                  stack        000000
__Lstruct                 struct       000000
__Ltemp                   temp         00004A
__Ltext                   text         000000
__Ltext0                  text0        000000
__Ltext1                  text1        000000
__Ltext10                 text10       000000
__Ltext11                 text11       000000
__Ltext12                 text12       000000
__Ltext13                 text13       000000
__Ltext14                 text14       000000
__Ltext15                 text15       000000
__Ltext16                 text16       000000
__Ltext17                 text17       000000
__Ltext18                 text18       000000
__Ltext19                 text19       000000
__Ltext2                  text2        000000
__Ltext21                 text21       000000
__Ltext22                 text22       000000
__Ltext23                 text23       000000
__Ltext24                 text24       000000
__Ltext3                  text3        000000
__Ltext4                  text4        000000
__Ltext5                  text5        000000
__Ltext6                  text6        000000
__Ltext7                  text7        000000
__Ltext8                  text8        000000
__Ltext9                  text9        000000
__S0                      (abs)        30000E
__S1                      (abs)        000118
__S2                      (abs)        000000
___awdiv                  text12       0014DC
___awdiv@counter          cstackBANK0  000081
___awdiv@dividend         cstackBANK0  00007D
___awdiv@divisor          cstackBANK0  00007F
___awdiv@quotient         cstackBANK0  000083
___awdiv@sign             cstackBANK0  000082
___awmod                  text11       0015E6
___awmod@counter          cstackBANK0  000081
___awmod@dividend         cstackBANK0  00007D
___awmod@divisor          cstackBANK0  00007F
___awmod@sign             cstackBANK0  000082
___ftadd                  text9        000C8A
___ftadd@exp1             cstackBANK0  0000A8
___ftadd@exp2             cstackBANK0  0000A7
___ftadd@f1               cstackBANK0  00009D
___ftadd@f2               cstackBANK0  0000A0
___ftadd@sign             cstackBANK0  0000A6
___ftmul                  text8        001028
___ftmul@cntr             cstackBANK0  00009B
___ftmul@exp              cstackBANK0  000097
___ftmul@f1               cstackBANK0  00008E
___ftmul@f2               cstackBANK0  000091
___ftmul@f3_as_product    cstackBANK0  000098
___ftmul@sign             cstackBANK0  00009C
___ftpack                 text10       0012D2
___ftpack@arg             cstackBANK0  00007D
___ftpack@exp             cstackBANK0  000080
___ftpack@sign            cstackBANK0  000081
___fttol                  text7        000E38
___fttol@exp1             cstackBANK0  0000B7
___fttol@f1               cstackBANK0  0000A9
___fttol@lval             cstackBANK0  0000B3
___fttol@sign1            cstackBANK0  0000B2
___inthi_sp               stack        000000
___intlo_sp               stack        000000
___lldiv                  text6        001562
___lldiv@counter          cstackBANK0  000089
___lldiv@dividend         cstackBANK0  00007D
___lldiv@divisor          cstackBANK0  000081
___lldiv@quotient         cstackBANK0  000085
___llmod                  text5        001658
___llmod@counter          cstackBANK0  000085
___llmod@dividend         cstackBANK0  00007D
___llmod@divisor          cstackBANK0  000081
___lltoft                 text4        0016C0
___lltoft@c               cstackBANK0  000085
___lltoft@exp             cstackBANK0  00008D
___param_bank             (abs)        000000
___rparam_used            (abs)        000001
___sp                     stack        000000
___wmul                   text3        001902
___wmul@multiplicand      cstackBANK0  00007F
___wmul@multiplier        cstackBANK0  00007D
___wmul@product           cstackBANK0  000081
__accesstop               (abs)        000060
__activetblptr            (abs)        000001
__end_of_BusyXLCD         text18       0018CC
__end_of_DelayFor18TCY    text19       00195C
__end_of_DelayPORXLCD     text17       001952
__end_of_DelayXLCD        text16       00193E
__end_of_HighPriorityISR  intcode_body 0012D2
__end_of_LowPriorityISR   intcodelo    0001F8
__end_of_OpenXLCD         text13       0014DC
__end_of_SetDDRamAddr     text15       00180A
__end_of_WriteCmdXLCD     text14       001892
__end_of_WriteDataXLCD    text2        00184E
__end_of___awdiv          text12       001562
__end_of___awmod          text11       001658
__end_of___ftadd          text9        000E38
__end_of___ftmul          text8        00111E
__end_of___ftpack         text10       001382
__end_of___fttol          text7        000F30
__end_of___lldiv          text6        0015E6
__end_of___llmod          text5        0016C0
__end_of___lltoft         text4        00171E
__end_of___wmul           text3        00192A
__end_of__initialization  cinit        0017B2
__end_of_main             text0        000C8A
__end_of_putsXLCD         text1        001902
__end_ofi1___ftmul        text23       001212
__end_ofi1___ftpack       text24       001430
__end_ofi1___fttol        text22       001028
__end_ofi1___lltoft       text21       00177A
__initialization          cinit        00177A
__mediumconst             mediumconst  000000
__pbssBANK0               bssBANK0     0000BC
__pbssCOMRAM              bssCOMRAM    000044
__pcinit                  cinit        00177A
__pcstackBANK0            cstackBANK0  000060
__pcstackBANK1            cstackBANK1  000100
__pcstackCOMRAM           cstackCOMRAM 000001
__pdataCOMRAM             dataCOMRAM   00003C
__pidataCOMRAM            idataCOMRAM  00195C
__pintcode                intcode      000008
__pintcode_body           intcode_body 001212
__pintcodelo              intcodelo    000018
__psmallconst             smallconst   000800
__ptext0                  text0        000812
__ptext1                  text1        0018CC
__ptext10                 text10       0012D2
__ptext11                 text11       0015E6
__ptext12                 text12       0014DC
__ptext13                 text13       001430
__ptext14                 text14       00184E
__ptext15                 text15       0017C4
__ptext16                 text16       00192A
__ptext17                 text17       00193E
__ptext18                 text18       001892
__ptext19                 text19       001952
__ptext2                  text2        00180A
__ptext21                 text21       00171E
__ptext22                 text22       000F30
__ptext23                 text23       00111E
__ptext24                 text24       001382
__ptext3                  text3        001902
__ptext4                  text4        0016C0
__ptext5                  text5        001658
__ptext6                  text6        001562
__ptext7                  text7        000E38
__ptext8                  text8        001028
__ptext9                  text9        000C8A
__ramtop                  ramtop       000800
__size_of_BusyXLCD        (abs)        000000
__size_of_DelayFor18TCY   (abs)        000000
__size_of_DelayPORXLCD    (abs)        000000
__size_of_DelayXLCD       (abs)        000000
__size_of_HighPriorityISR (abs)        000000
__size_of_LowPriorityISR  (abs)        000000
__size_of_OpenXLCD        (abs)        000000
__size_of_SetDDRamAddr    (abs)        000000
__size_of_WriteCmdXLCD    (abs)        000000
__size_of_WriteDataXLCD   (abs)        000000
__size_of___awdiv         (abs)        000000
__size_of___awmod         (abs)        000000
__size_of___ftadd         (abs)        000000
__size_of___ftmul         (abs)        000000
__size_of___ftpack        (abs)        000000
__size_of___fttol         (abs)        000000
__size_of___lldiv         (abs)        000000
__size_of___llmod         (abs)        000000
__size_of___lltoft        (abs)        000000
__size_of___wmul          (abs)        000000
__size_of_main            (abs)        000000
__size_of_putsXLCD        (abs)        000000
__size_ofi1___ftmul       (abs)        000000
__size_ofi1___ftpack      (abs)        000000
__size_ofi1___fttol       (abs)        000000
__size_ofi1___lltoft      (abs)        000000
__smallconst              smallconst   000800
_contador                 bssBANK0     0000CF
_dc                       bssBANK0     0000D0
_dc2                      bssBANK0     0000CC
_dconst                   dataCOMRAM   000040
_leiturapotenciometro     bssCOMRAM    000048
_main                     text0        000812
_pot                      bssBANK0     0000BC
_putsXLCD                 text1        0018CC
_result                   bssBANK0     0000C8
_result2                  bssBANK0     0000C4
_temp                     dataCOMRAM   00003C
_valorconv                bssCOMRAM    000044
_vent                     bssBANK0     0000C0
btemp                     temp         00004A
end_of_initialization     cinit        0017B2
i1___ftmul                text23       00111E
i1___ftmul@cntr           cstackCOMRAM 000031
i1___ftmul@exp            cstackCOMRAM 00002D
i1___ftmul@f1             cstackCOMRAM 000024
i1___ftmul@f2             cstackCOMRAM 000027
i1___ftmul@f3_as_product  cstackCOMRAM 00002E
i1___ftmul@sign           cstackCOMRAM 000032
i1___ftpack               text24       001382
i1___ftpack@arg           cstackCOMRAM 000013
i1___ftpack@exp           cstackCOMRAM 000016
i1___ftpack@sign          cstackCOMRAM 000017
i1___fttol                text22       000F30
i1___fttol@exp1           cstackBANK0  000065
i1___fttol@f1             cstackCOMRAM 000033
i1___fttol@lval           cstackBANK0  000061
i1___fttol@sign1          cstackBANK0  000060
i1___lltoft               text21       00171E
i1___lltoft@c             cstackCOMRAM 00001B
i1___lltoft@exp           cstackCOMRAM 000023
int$flags                 temp         00004A
int_func                  intcode_body 001212
intlevel0                 text         000000
intlevel1                 text         000000
intlevel2                 text         000000
intlevel3                 text         000000
main@aux                  cstackBANK1  000112
main@aux2                 cstackBANK1  000108
main@aux3                 cstackBANK1  000116
main@cent                 cstackBANK1  000100
main@cent3                cstackBANK1  00010C
main@dez                  cstackBANK1  000102
main@dez2                 cstackBANK1  000106
main@dez3                 cstackBANK1  00010E
main@porcentagem          cstackBANK1  000114
main@uni                  cstackBANK1  000104
main@uni2                 cstackBANK1  00010A
main@uni3                 cstackBANK1  000110
putsXLCD@buffer           cstackBANK0  00007E
stackhi                   (abs)        0007FF
stacklo                   (abs)        000118
start                     init         0001F8
start_initialization      cinit        00177A
wtemp6                    temp         00004B


FUNCTION INFORMATION:

 *************** function _main *****************
 Defined at:
		line 69 in file "main.c"
 Parameters:    Size  Location     Type
		None
 Auto vars:     Size  Location     Type
  aux3            2   22[BANK1 ] int 
  porcentagem     2   20[BANK1 ] int 
  aux             2   18[BANK1 ] int 
  uni3            2   16[BANK1 ] int 
  dez3            2   14[BANK1 ] int 
  cent3           2   12[BANK1 ] int 
  uni2            2   10[BANK1 ] int 
  aux2            2    8[BANK1 ] int 
  dez2            2    6[BANK1 ] int 
  uni             2    4[BANK1 ] int 
  dez             2    2[BANK1 ] int 
  cent            2    0[BANK1 ] int 
 Return value:  Size  Location     Type
                  1    wreg      void 
 Registers used:
		wreg, status,2, status,0, tblptrl, tblptrh, tblptru, prodl, prodh, cstack
 Tracked objects:
		On entry : 
		On exit  : 
		Unchanged: 
 Data sizes:     COMRAM   BANK0   BANK1   BANK2   BANK3   BANK4   BANK5   BANK6   BANK7
      Params:         0       0       0       0       0       0       0       0       0
      Locals:         0       0      24       0       0       0       0       0       0
      Temps:          0       4       0       0       0       0       0       0       0
      Totals:         0       4      24       0       0       0       0       0       0
Total ram usage:       28 bytes
 Hardware stack levels required when called:    7
 This function calls:
		_OpenXLCD
		_WriteCmdXLCD
		_WriteDataXLCD
		___awdiv
		___awmod
		___ftadd
		___ftmul
		___fttol
		___lldiv
		___llmod
		___lltoft
		___wmul
		_putsXLCD
 This function is called by:
		Startup code after reset
 This function uses a non-reentrant model


 *************** function _putsXLCD *****************
 Defined at:
		line 510 in file "nxlcd.c"
 Parameters:    Size  Location     Type
  buffer          2   30[BANK0 ] PTR unsigned char 
		 -> STR_3(7), STR_2(4), STR_1(4), 
 Auto vars:     Size  Location     Type
		None
 Return value:  Size  Location     Type
                  1    wreg      void 
 Registers used:
		wreg, status,2, status,0, tblptrl, tblptrh, tblptru, cstack
 Tracked objects:
		On entry : 
		On exit  : 
		Unchanged: 
 Data sizes:     COMRAM   BANK0   BANK1   BANK2   BANK3   BANK4   BANK5   BANK6   BANK7
      Params:         0       2       0       0       0       0       0       0       0
      Locals:         0       0       0       0       0       0       0       0       0
      Temps:          0       0       0       0       0       0       0       0       0
      Totals:         0       2       0       0       0       0       0       0       0
Total ram usage:        2 bytes
 Hardware stack levels used:    1
 Hardware stack levels required when called:    6
 This function calls:
		_BusyXLCD
		_WriteDataXLCD
 This function is called by:
		_main
 This function uses a non-reentrant model


 *************** function _WriteDataXLCD *****************
 Defined at:
		line 449 in file "nxlcd.c"
 Parameters:    Size  Location     Type
  data            1    wreg     unsigned char 
 Auto vars:     Size  Location     Type
  data            1   29[BANK0 ] unsigned char 
 Return value:  Size  Location     Type
                  1    wreg      void 
 Registers used:
		wreg, status,2, status,0, cstack
 Tracked objects:
		On entry : 
		On exit  : 
		Unchanged: 
 Data sizes:     COMRAM   BANK0   BANK1   BANK2   BANK3   BANK4   BANK5   BANK6   BANK7
      Params:         0       0       0       0       0       0       0       0       0
      Locals:         0       1       0       0       0       0       0       0       0
      Temps:          0       0       0       0       0       0       0       0       0
      Totals:         0       1       0       0       0       0       0       0       0
Total ram usage:        1 bytes
 Hardware stack levels used:    1
 Hardware stack levels required when called:    5
 This function calls:
		_DelayFor18TCY
 This function is called by:
		_main
		_putsXLCD
		_putrsXLCD
 This function uses a non-reentrant model


 *************** function ___wmul *****************
 Defined at:
		line 15 in file "C:\Program Files (x86)\Microchip\xc8\v1.45\sources\common\Umul16.c"
 Parameters:    Size  Location     Type
  multiplier      2   29[BANK0 ] unsigned int 
  multiplicand    2   31[BANK0 ] unsigned int 
 Auto vars:     Size  Location     Type
  product         2   33[BANK0 ] unsigned int 
 Return value:  Size  Location     Type
                  2   29[BANK0 ] unsigned int 
 Registers used:
		wreg, status,2, status,0, prodl, prodh
 Tracked objects:
		On entry : 
		On exit  : 
		Unchanged: 
 Data sizes:     COMRAM   BANK0   BANK1   BANK2   BANK3   BANK4   BANK5   BANK6   BANK7
      Params:         0       4       0       0       0       0       0       0       0
      Locals:         0       2       0       0       0       0       0       0       0
      Temps:          0       0       0       0       0       0       0       0       0
      Totals:         0       6       0       0       0       0       0       0       0
Total ram usage:        6 bytes
 Hardware stack levels used:    1
 Hardware stack levels required when called:    4
 This function calls:
		Nothing
 This function is called by:
		_main
 This function uses a non-reentrant model


 *************** function ___lltoft *****************
 Defined at:
		line 35 in file "C:\Program Files (x86)\Microchip\xc8\v1.45\sources\common\lltoft.c"
 Parameters:    Size  Location     Type
  c               4   37[BANK0 ] unsigned long 
 Auto vars:     Size  Location     Type
  exp             1   45[BANK0 ] unsigned char 
 Return value:  Size  Location     Type
                  3   37[BANK0 ] float 
 Registers used:
		wreg, status,2, status,0, cstack
 Tracked objects:
		On entry : 
		On exit  : 
		Unchanged: 
 Data sizes:     COMRAM   BANK0   BANK1   BANK2   BANK3   BANK4   BANK5   BANK6   BANK7
      Params:         0       4       0       0       0       0       0       0       0
      Locals:         0       1       0       0       0       0       0       0       0
      Temps:          0       4       0       0       0       0       0       0       0
      Totals:         0       9       0       0       0       0       0       0       0
Total ram usage:        9 bytes
 Hardware stack levels used:    1
 Hardware stack levels required when called:    5
 This function calls:
		___ftpack
 This function is called by:
		_main
 This function uses a non-reentrant model


 *************** function ___llmod *****************
 Defined at:
		line 8 in file "C:\Program Files (x86)\Microchip\xc8\v1.45\sources\common\llmod.c"
 Parameters:    Size  Location     Type
  dividend        4   29[BANK0 ] unsigned long 
  divisor         4   33[BANK0 ] unsigned long 
 Auto vars:     Size  Location     Type
  counter         1   37[BANK0 ] unsigned char 
 Return value:  Size  Location     Type
                  4   29[BANK0 ] unsigned long 
 Registers used:
		wreg, status,2, status,0
 Tracked objects:
		On entry : 
		On exit  : 
		Unchanged: 
 Data sizes:     COMRAM   BANK0   BANK1   BANK2   BANK3   BANK4   BANK5   BANK6   BANK7
      Params:         0       8       0       0       0       0       0       0       0
      Locals:         0       1       0       0       0       0       0       0       0
      Temps:          0       0       0       0       0       0       0       0       0
      Totals:         0       9       0       0       0       0       0       0       0
Total ram usage:        9 bytes
 Hardware stack levels used:    1
 Hardware stack levels required when called:    4
 This function calls:
		Nothing
 This function is called by:
		_main
 This function uses a non-reentrant model


 *************** function ___lldiv *****************
 Defined at:
		line 8 in file "C:\Program Files (x86)\Microchip\xc8\v1.45\sources\common\lldiv.c"
 Parameters:    Size  Location     Type
  dividend        4   29[BANK0 ] unsigned long 
  divisor         4   33[BANK0 ] unsigned long 
 Auto vars:     Size  Location     Type
  quotient        4   37[BANK0 ] unsigned long 
  counter         1   41[BANK0 ] unsigned char 
 Return value:  Size  Location     Type
                  4   29[BANK0 ] unsigned long 
 Registers used:
		wreg, status,2, status,0
 Tracked objects:
		On entry : 
		On exit  : 
		Unchanged: 
 Data sizes:     COMRAM   BANK0   BANK1   BANK2   BANK3   BANK4   BANK5   BANK6   BANK7
      Params:         0       8       0       0       0       0       0       0       0
      Locals:         0       5       0       0       0       0       0       0       0
      Temps:          0       0       0       0       0       0       0       0       0
      Totals:         0      13       0       0       0       0       0       0       0
Total ram usage:       13 bytes
 Hardware stack levels used:    1
 Hardware stack levels required when called:    4
 This function calls:
		Nothing
 This function is called by:
		_main
 This function uses a non-reentrant model


 *************** function ___fttol *****************
 Defined at:
		line 44 in file "C:\Program Files (x86)\Microchip\xc8\v1.45\sources\common\fttol.c"
 Parameters:    Size  Location     Type
  f1              3   73[BANK0 ] float 
 Auto vars:     Size  Location     Type
  lval            4   83[BANK0 ] unsigned long 
  exp1            1   87[BANK0 ] unsigned char 
  sign1           1   82[BANK0 ] unsigned char 
 Return value:  Size  Location     Type
                  4   73[BANK0 ] long 
 Registers used:
		wreg, status,2, status,0
 Tracked objects:
		On entry : 
		On exit  : 
		Unchanged: 
 Data sizes:     COMRAM   BANK0   BANK1   BANK2   BANK3   BANK4   BANK5   BANK6   BANK7
      Params:         0       4       0       0       0       0       0       0       0
      Locals:         0       6       0       0       0       0       0       0       0
      Temps:          0       5       0       0       0       0       0       0       0
      Totals:         0      15       0       0       0       0       0       0       0
Total ram usage:       15 bytes
 Hardware stack levels used:    1
 Hardware stack levels required when called:    4
 This function calls:
		Nothing
 This function is called by:
		_main
 This function uses a non-reentrant model


 *************** function ___ftmul *****************
 Defined at:
		line 62 in file "C:\Program Files (x86)\Microchip\xc8\v1.45\sources\common\ftmul.c"
 Parameters:    Size  Location     Type
  f1              3   46[BANK0 ] float 
  f2              3   49[BANK0 ] float 
 Auto vars:     Size  Location     Type
  f3_as_produc    3   56[BANK0 ] unsigned um
  sign            1   60[BANK0 ] unsigned char 
  cntr            1   59[BANK0 ] unsigned char 
  exp             1   55[BANK0 ] unsigned char 
 Return value:  Size  Location     Type
                  3   46[BANK0 ] float 
 Registers used:
		wreg, status,2, status,0, cstack
 Tracked objects:
		On entry : 
		On exit  : 
		Unchanged: 
 Data sizes:     COMRAM   BANK0   BANK1   BANK2   BANK3   BANK4   BANK5   BANK6   BANK7
      Params:         0       6       0       0       0       0       0       0       0
      Locals:         0       6       0       0       0       0       0       0       0
      Temps:          0       3       0       0       0       0       0       0       0
      Totals:         0      15       0       0       0       0       0       0       0
Total ram usage:       15 bytes
 Hardware stack levels used:    1
 Hardware stack levels required when called:    5
 This function calls:
		___ftpack
 This function is called by:
		_main
 This function uses a non-reentrant model


 *************** function ___ftadd *****************
 Defined at:
		line 86 in file "C:\Program Files (x86)\Microchip\xc8\v1.45\sources\common\ftadd.c"
 Parameters:    Size  Location     Type
  f1              3   61[BANK0 ] float 
  f2              3   64[BANK0 ] float 
 Auto vars:     Size  Location     Type
  exp1            1   72[BANK0 ] unsigned char 
  exp2            1   71[BANK0 ] unsigned char 
  sign            1   70[BANK0 ] unsigned char 
 Return value:  Size  Location     Type
                  3   61[BANK0 ] float 
 Registers used:
		wreg, status,2, status,0, cstack
 Tracked objects:
		On entry : 
		On exit  : 
		Unchanged: 
 Data sizes:     COMRAM   BANK0   BANK1   BANK2   BANK3   BANK4   BANK5   BANK6   BANK7
      Params:         0       6       0       0       0       0       0       0       0
      Locals:         0       3       0       0       0       0       0       0       0
      Temps:          0       3       0       0       0       0       0       0       0
      Totals:         0      12       0       0       0       0       0       0       0
Total ram usage:       12 bytes
 Hardware stack levels used:    1
 Hardware stack levels required when called:    5
 This function calls:
		___ftpack
 This function is called by:
		_main
 This function uses a non-reentrant model


 *************** function ___ftpack *****************
 Defined at:
		line 62 in file "C:\Program Files (x86)\Microchip\xc8\v1.45\sources\common\float.c"
 Parameters:    Size  Location     Type
  arg             3   29[BANK0 ] unsigned um
  exp             1   32[BANK0 ] unsigned char 
  sign            1   33[BANK0 ] unsigned char 
 Auto vars:     Size  Location     Type
		None
 Return value:  Size  Location     Type
                  3   29[BANK0 ] float 
 Registers used:
		wreg, status,2, status,0
 Tracked objects:
		On entry : 
		On exit  : 
		Unchanged: 
 Data sizes:     COMRAM   BANK0   BANK1   BANK2   BANK3   BANK4   BANK5   BANK6   BANK7
      Params:         0       5       0       0       0       0       0       0       0
      Locals:         0       0       0       0       0       0       0       0       0
      Temps:          0       3       0       0       0       0       0       0       0
      Totals:         0       8       0       0       0       0       0       0       0
Total ram usage:        8 bytes
 Hardware stack levels used:    1
 Hardware stack levels required when called:    4
 This function calls:
		Nothing
 This function is called by:
		___ftadd
		___ftmul
		___lltoft
 This function uses a non-reentrant model


 *************** function ___awmod *****************
 Defined at:
		line 8 in file "C:\Program Files (x86)\Microchip\xc8\v1.45\sources\common\awmod.c"
 Parameters:    Size  Location     Type
  dividend        2   29[BANK0 ] int 
  divisor         2   31[BANK0 ] int 
 Auto vars:     Size  Location     Type
  sign            1   34[BANK0 ] unsigned char 
  counter         1   33[BANK0 ] unsigned char 
 Return value:  Size  Location     Type
                  2   29[BANK0 ] int 
 Registers used:
		wreg, status,2, status,0
 Tracked objects:
		On entry : 
		On exit  : 
		Unchanged: 
 Data sizes:     COMRAM   BANK0   BANK1   BANK2   BANK3   BANK4   BANK5   BANK6   BANK7
      Params:         0       4       0       0       0       0       0       0       0
      Locals:         0       2       0       0       0       0       0       0       0
      Temps:          0       0       0       0       0       0       0       0       0
      Totals:         0       6       0       0       0       0       0       0       0
Total ram usage:        6 bytes
 Hardware stack levels used:    1
 Hardware stack levels required when called:    4
 This function calls:
		Nothing
 This function is called by:
		_main
 This function uses a non-reentrant model


 *************** function ___awdiv *****************
 Defined at:
		line 8 in file "C:\Program Files (x86)\Microchip\xc8\v1.45\sources\common\awdiv.c"
 Parameters:    Size  Location     Type
  dividend        2   29[BANK0 ] int 
  divisor         2   31[BANK0 ] int 
 Auto vars:     Size  Location     Type
  quotient        2   35[BANK0 ] int 
  sign            1   34[BANK0 ] unsigned char 
  counter         1   33[BANK0 ] unsigned char 
 Return value:  Size  Location     Type
                  2   29[BANK0 ] int 
 Registers used:
		wreg, status,2, status,0
 Tracked objects:
		On entry : 
		On exit  : 
		Unchanged: 
 Data sizes:     COMRAM   BANK0   BANK1   BANK2   BANK3   BANK4   BANK5   BANK6   BANK7
      Params:         0       4       0       0       0       0       0       0       0
      Locals:         0       4       0       0       0       0       0       0       0
      Temps:          0       0       0       0       0       0       0       0       0
      Totals:         0       8       0       0       0       0       0       0       0
Total ram usage:        8 bytes
 Hardware stack levels used:    1
 Hardware stack levels required when called:    4
 This function calls:
		Nothing
 This function is called by:
		_main
 This function uses a non-reentrant model


 *************** function _OpenXLCD *****************
 Defined at:
		line 41 in file "nxlcd.c"
 Parameters:    Size  Location     Type
  lcdtype         1    wreg     unsigned char 
 Auto vars:     Size  Location     Type
  lcdtype         1   30[BANK0 ] unsigned char 
 Return value:  Size  Location     Type
                  1    wreg      void 
 Registers used:
		wreg, status,2, status,0, cstack
 Tracked objects:
		On entry : 
		On exit  : 
		Unchanged: 
 Data sizes:     COMRAM   BANK0   BANK1   BANK2   BANK3   BANK4   BANK5   BANK6   BANK7
      Params:         0       0       0       0       0       0       0       0       0
      Locals:         0       1       0       0       0       0       0       0       0
      Temps:          0       0       0       0       0       0       0       0       0
      Totals:         0       1       0       0       0       0       0       0       0
Total ram usage:        1 bytes
 Hardware stack levels used:    1
 Hardware stack levels required when called:    6
 This function calls:
		_BusyXLCD
		_DelayPORXLCD
		_DelayXLCD
		_SetDDRamAddr
		_WriteCmdXLCD
 This function is called by:
		_main
 This function uses a non-reentrant model


 *************** function _WriteCmdXLCD *****************
 Defined at:
		line 388 in file "nxlcd.c"
 Parameters:    Size  Location     Type
  cmd             1    wreg     unsigned char 
 Auto vars:     Size  Location     Type
  cmd             1   29[BANK0 ] unsigned char 
 Return value:  Size  Location     Type
                  1    wreg      void 
 Registers used:
		wreg, status,2, status,0, cstack
 Tracked objects:
		On entry : 
		On exit  : 
		Unchanged: 
 Data sizes:     COMRAM   BANK0   BANK1   BANK2   BANK3   BANK4   BANK5   BANK6   BANK7
      Params:         0       0       0       0       0       0       0       0       0
      Locals:         0       1       0       0       0       0       0       0       0
      Temps:          0       0       0       0       0       0       0       0       0
      Totals:         0       1       0       0       0       0       0       0       0
Total ram usage:        1 bytes
 Hardware stack levels used:    1
 Hardware stack levels required when called:    5
 This function calls:
		_DelayFor18TCY
 This function is called by:
		_main
		_OpenXLCD
 This function uses a non-reentrant model


 *************** function _SetDDRamAddr *****************
 Defined at:
		line 171 in file "nxlcd.c"
 Parameters:    Size  Location     Type
  DDaddr          1    wreg     unsigned char 
 Auto vars:     Size  Location     Type
  DDaddr          1   29[BANK0 ] unsigned char 
 Return value:  Size  Location     Type
                  1    wreg      void 
 Registers used:
		wreg, status,2, status,0, cstack
 Tracked objects:
		On entry : 
		On exit  : 
		Unchanged: 
 Data sizes:     COMRAM   BANK0   BANK1   BANK2   BANK3   BANK4   BANK5   BANK6   BANK7
      Params:         0       0       0       0       0       0       0       0       0
      Locals:         0       1       0       0       0       0       0       0       0
      Temps:          0       0       0       0       0       0       0       0       0
      Totals:         0       1       0       0       0       0       0       0       0
Total ram usage:        1 bytes
 Hardware stack levels used:    1
 Hardware stack levels required when called:    5
 This function calls:
		_DelayFor18TCY
 This function is called by:
		_OpenXLCD
 This function uses a non-reentrant model


 *************** function _DelayXLCD *****************
 Defined at:
		line 22 in file "nxlcd.c"
 Parameters:    Size  Location     Type
		None
 Auto vars:     Size  Location     Type
		None
 Return value:  Size  Location     Type
                  1    wreg      void 
 Registers used:
		wreg
 Tracked objects:
		On entry : 
		On exit  : 
		Unchanged: 
 Data sizes:     COMRAM   BANK0   BANK1   BANK2   BANK3   BANK4   BANK5   BANK6   BANK7
      Params:         0       0       0       0       0       0       0       0       0
      Locals:         0       0       0       0       0       0       0       0       0
      Temps:          0       1       0       0       0       0       0       0       0
      Totals:         0       1       0       0       0       0       0       0       0
Total ram usage:        1 bytes
 Hardware stack levels used:    1
 Hardware stack levels required when called:    4
 This function calls:
		Nothing
 This function is called by:
		_OpenXLCD
 This function uses a non-reentrant model


 *************** function _DelayPORXLCD *****************
 Defined at:
		line 17 in file "nxlcd.c"
 Parameters:    Size  Location     Type
		None
 Auto vars:     Size  Location     Type
		None
 Return value:  Size  Location     Type
                  1    wreg      void 
 Registers used:
		wreg
 Tracked objects:
		On entry : 
		On exit  : 
		Unchanged: 
 Data sizes:     COMRAM   BANK0   BANK1   BANK2   BANK3   BANK4   BANK5   BANK6   BANK7
      Params:         0       0       0       0       0       0       0       0       0
      Locals:         0       0       0       0       0       0       0       0       0
      Temps:          0       1       0       0       0       0       0       0       0
      Totals:         0       1       0       0       0       0       0       0       0
Total ram usage:        1 bytes
 Hardware stack levels used:    1
 Hardware stack levels required when called:    4
 This function calls:
		Nothing
 This function is called by:
		_OpenXLCD
 This function uses a non-reentrant model


 *************** function _BusyXLCD *****************
 Defined at:
		line 227 in file "nxlcd.c"
 Parameters:    Size  Location     Type
		None
 Auto vars:     Size  Location     Type
		None
 Return value:  Size  Location     Type
                  1    wreg      unsigned char 
 Registers used:
		wreg, cstack
 Tracked objects:
		On entry : 
		On exit  : 
		Unchanged: 
 Data sizes:     COMRAM   BANK0   BANK1   BANK2   BANK3   BANK4   BANK5   BANK6   BANK7
      Params:         0       0       0       0       0       0       0       0       0
      Locals:         0       0       0       0       0       0       0       0       0
      Temps:          0       0       0       0       0       0       0       0       0
      Totals:         0       0       0       0       0       0       0       0       0
Total ram usage:        0 bytes
 Hardware stack levels used:    1
 Hardware stack levels required when called:    5
 This function calls:
		_DelayFor18TCY
 This function is called by:
		_OpenXLCD
		_putsXLCD
		_putrsXLCD
 This function uses a non-reentrant model


 *************** function _DelayFor18TCY *****************
 Defined at:
		line 12 in file "nxlcd.c"
 Parameters:    Size  Location     Type
		None
 Auto vars:     Size  Location     Type
		None
 Return value:  Size  Location     Type
                  1    wreg      void 
 Registers used:
		wreg
 Tracked objects:
		On entry : 
		On exit  : 
		Unchanged: 
 Data sizes:     COMRAM   BANK0   BANK1   BANK2   BANK3   BANK4   BANK5   BANK6   BANK7
      Params:         0       0       0       0       0       0       0       0       0
      Locals:         0       0       0       0       0       0       0       0       0
      Temps:          0       0       0       0       0       0       0       0       0
      Totals:         0       0       0       0       0       0       0       0       0
Total ram usage:        0 bytes
 Hardware stack levels used:    1
 Hardware stack levels required when called:    4
 This function calls:
		Nothing
 This function is called by:
		_SetDDRamAddr
		_BusyXLCD
		_WriteCmdXLCD
		_WriteDataXLCD
		_SetCGRamAddr
		_ReadAddrXLCD
		_ReadDataXLCD
 This function uses a non-reentrant model


 *************** function _LowPriorityISR *****************
 Defined at:
		line 44 in file "main.c"
 Parameters:    Size  Location     Type
		None
 Auto vars:     Size  Location     Type
		None
 Return value:  Size  Location     Type
                  1    wreg      void 
 Registers used:
		wreg, status,2, status,0, cstack
 Tracked objects:
		On entry : 
		On exit  : 
		Unchanged: 
 Data sizes:     COMRAM   BANK0   BANK1   BANK2   BANK3   BANK4   BANK5   BANK6   BANK7
      Params:         0       0       0       0       0       0       0       0       0
      Locals:         0       0       0       0       0       0       0       0       0
      Temps:          0      23       0       0       0       0       0       0       0
      Totals:         0      23       0       0       0       0       0       0       0
Total ram usage:       23 bytes
 Hardware stack levels used:    1
 Hardware stack levels required when called:    3
 This function calls:
		i1___ftmul
		i1___fttol
		i1___lltoft
 This function is called by:
		Interrupt level 1
 This function uses a non-reentrant model


 *************** function i1___lltoft *****************
 Defined at:
		line 35 in file "C:\Program Files (x86)\Microchip\xc8\v1.45\sources\common\lltoft.c"
 Parameters:    Size  Location     Type
  c               4   26[COMRAM] unsigned long 
 Auto vars:     Size  Location     Type
  __lltoft        1   34[COMRAM] unsigned char 
 Return value:  Size  Location     Type
                  3   26[COMRAM] float 
 Registers used:
		wreg, status,2, status,0, cstack
 Tracked objects:
		On entry : 
		On exit  : 
		Unchanged: 
 Data sizes:     COMRAM   BANK0   BANK1   BANK2   BANK3   BANK4   BANK5   BANK6   BANK7
      Params:         4       0       0       0       0       0       0       0       0
      Locals:         1       0       0       0       0       0       0       0       0
      Temps:          4       0       0       0       0       0       0       0       0
      Totals:         9       0       0       0       0       0       0       0       0
Total ram usage:        9 bytes
 Hardware stack levels used:    1
 Hardware stack levels required when called:    2
 This function calls:
		i1___ftpack
 This function is called by:
		_LowPriorityISR
 This function uses a non-reentrant model


 *************** function i1___fttol *****************
 Defined at:
		line 44 in file "C:\Program Files (x86)\Microchip\xc8\v1.45\sources\common\fttol.c"
 Parameters:    Size  Location     Type
  f1              3   50[COMRAM] float 
 Auto vars:     Size  Location     Type
  __fttol         4    1[BANK0 ] unsigned long 
  __fttol         1    5[BANK0 ] unsigned char 
  __fttol         1    0[BANK0 ] unsigned char 
 Return value:  Size  Location     Type
                  4   50[COMRAM] long 
 Registers used:
		wreg, status,2, status,0
 Tracked objects:
		On entry : 
		On exit  : 
		Unchanged: 
 Data sizes:     COMRAM   BANK0   BANK1   BANK2   BANK3   BANK4   BANK5   BANK6   BANK7
      Params:         4       0       0       0       0       0       0       0       0
      Locals:         0       6       0       0       0       0       0       0       0
      Temps:          5       0       0       0       0       0       0       0       0
      Totals:         9       6       0       0       0       0       0       0       0
Total ram usage:       15 bytes
 Hardware stack levels used:    1
 Hardware stack levels required when called:    1
 This function calls:
		Nothing
 This function is called by:
		_LowPriorityISR
 This function uses a non-reentrant model


 *************** function i1___ftmul *****************
 Defined at:
		line 62 in file "C:\Program Files (x86)\Microchip\xc8\v1.45\sources\common\ftmul.c"
 Parameters:    Size  Location     Type
  f1              3   35[COMRAM] float 
  f2              3   38[COMRAM] float 
 Auto vars:     Size  Location     Type
  __ftmul         3   45[COMRAM] unsigned um
  __ftmul         1   49[COMRAM] unsigned char 
  __ftmul         1   48[COMRAM] unsigned char 
  __ftmul         1   44[COMRAM] unsigned char 
 Return value:  Size  Location     Type
                  3   35[COMRAM] float 
 Registers used:
		wreg, status,2, status,0, cstack
 Tracked objects:
		On entry : 
		On exit  : 
		Unchanged: 
 Data sizes:     COMRAM   BANK0   BANK1   BANK2   BANK3   BANK4   BANK5   BANK6   BANK7
      Params:         6       0       0       0       0       0       0       0       0
      Locals:         6       0       0       0       0       0       0       0       0
      Temps:          3       0       0       0       0       0       0       0       0
      Totals:        15       0       0       0       0       0       0       0       0
Total ram usage:       15 bytes
 Hardware stack levels used:    1
 Hardware stack levels required when called:    2
 This function calls:
		i1___ftpack
 This function is called by:
		_LowPriorityISR
 This function uses a non-reentrant model


 *************** function i1___ftpack *****************
 Defined at:
		line 62 in file "C:\Program Files (x86)\Microchip\xc8\v1.45\sources\common\float.c"
 Parameters:    Size  Location     Type
  arg             3   18[COMRAM] unsigned um
  exp             1   21[COMRAM] unsigned char 
  sign            1   22[COMRAM] unsigned char 
 Auto vars:     Size  Location     Type
		None
 Return value:  Size  Location     Type
                  3   18[COMRAM] float 
 Registers used:
		wreg, status,2, status,0
 Tracked objects:
		On entry : 
		On exit  : 
		Unchanged: 
 Data sizes:     COMRAM   BANK0   BANK1   BANK2   BANK3   BANK4   BANK5   BANK6   BANK7
      Params:         5       0       0       0       0       0       0       0       0
      Locals:         0       0       0       0       0       0       0       0       0
      Temps:          3       0       0       0       0       0       0       0       0
      Totals:         8       0       0       0       0       0       0       0       0
Total ram usage:        8 bytes
 Hardware stack levels used:    1
 Hardware stack levels required when called:    1
 This function calls:
		Nothing
 This function is called by:
		i1___ftmul
		i1___lltoft
 This function uses a non-reentrant model


 *************** function _HighPriorityISR *****************
 Defined at:
		line 26 in file "main.c"
 Parameters:    Size  Location     Type
		None
 Auto vars:     Size  Location     Type
		None
 Return value:  Size  Location     Type
                  1    wreg      void 
 Registers used:
		wreg, status,2, status,0
 Tracked objects:
		On entry : 
		On exit  : 
		Unchanged: 
 Data sizes:     COMRAM   BANK0   BANK1   BANK2   BANK3   BANK4   BANK5   BANK6   BANK7
      Params:         0       0       0       0       0       0       0       0       0
      Locals:         0       0       0       0       0       0       0       0       0
      Temps:         18       0       0       0       0       0       0       0       0
      Totals:        18       0       0       0       0       0       0       0       0
Total ram usage:       18 bytes
 Hardware stack levels used:    1
 This function calls:
		Nothing
 This function is called by:
		Interrupt level 2
 This function uses a non-reentrant model



MODULE INFORMATION

Module		Function		Class		Link	Load	Size
C:\Program Files (x86)\Microchip\xc8\v1.45\sources\common\float.c
		___ftpack      		CODE           	12D2	0000	177

C:\Program Files (x86)\Microchip\xc8\v1.45\sources\common\float.c estimated size: 177

C:\Program Files (x86)\Microchip\xc8\v1.45\sources\common\lltoft.c
		___lltoft      		CODE           	16C0	0000	95

C:\Program Files (x86)\Microchip\xc8\v1.45\sources\common\lltoft.c estimated size: 95

C:\Program Files (x86)\Microchip\xc8\v1.45\sources\common\Umul16.c
		___wmul        		CODE           	1902	0000	41

C:\Program Files (x86)\Microchip\xc8\v1.45\sources\common\Umul16.c estimated size: 41

C:\Program Files (x86)\Microchip\xc8\v1.45\sources\common\ftmul.c
		___ftmul       		CODE           	1028	0000	247

C:\Program Files (x86)\Microchip\xc8\v1.45\sources\common\ftmul.c estimated size: 247

C:\Program Files (x86)\Microchip\xc8\v1.45\sources\common\awmod.c
		___awmod       		CODE           	15E6	0000	115

C:\Program Files (x86)\Microchip\xc8\v1.45\sources\common\awmod.c estimated size: 115

C:\Program Files (x86)\Microchip\xc8\v1.45\sources\common\llmod.c
		___llmod       		CODE           	1658	0000	105

C:\Program Files (x86)\Microchip\xc8\v1.45\sources\common\llmod.c estimated size: 105

nxlcd.c
		_BusyXLCD      		CODE           	1892	0000	59
		_putsXLCD      		CODE           	18CC	0000	55
		_DelayFor18TCY 		CODE           	1952	0000	11
		_DelayXLCD     		CODE           	192A	0000	21
		_WriteCmdXLCD  		CODE           	184E	0000	69
		_OpenXLCD      		CODE           	1430	0000	173
		_WriteDataXLCD 		CODE           	180A	0000	69
		_SetDDRamAddr  		CODE           	17C4	0000	71
		_DelayPORXLCD  		CODE           	193E	0000	21

nxlcd.c estimated size: 549

shared
		i1___fttol     		CODE           	0F30	0000	249
		i1___ftmul     		CODE           	111E	0000	245
		i1___ftpack    		CODE           	1382	0000	175
		i1___lltoft    		CODE           	171E	0000	93
		__initialization		CODE           	177A	0000	57

shared estimated size: 819

C:\Program Files (x86)\Microchip\xc8\v1.45\sources\common\fttol.c
		___fttol       		CODE           	0E38	0000	249

C:\Program Files (x86)\Microchip\xc8\v1.45\sources\common\fttol.c estimated size: 249

C:\Program Files (x86)\Microchip\xc8\v1.45\sources\common\awdiv.c
		___awdiv       		CODE           	14DC	0000	135

C:\Program Files (x86)\Microchip\xc8\v1.45\sources\common\awdiv.c estimated size: 135

C:\Program Files (x86)\Microchip\xc8\v1.45\sources\common\ftadd.c
		___ftadd       		CODE           	0C8A	0000	431

C:\Program Files (x86)\Microchip\xc8\v1.45\sources\common\ftadd.c estimated size: 431

C:\Program Files (x86)\Microchip\xc8\v1.45\sources\common\lldiv.c
		___lldiv       		CODE           	1562	0000	133

C:\Program Files (x86)\Microchip\xc8\v1.45\sources\common\lldiv.c estimated size: 133

main.c
		_HighPriorityISR		CODE           	0008	0000	199
		_main          		CODE           	0812	0000	1145
		_LowPriorityISR		CODE           	0018	0000	481

main.c estimated size: 1825

